Line	Chars	Uppercase	% Upper
1	36	1	2.78%
2	33	2	6.06%
3	33	2	6.06%
4	37	2	5.41%
5	35	1	2.86%

